// Jest Snapshot v1, https://goo.gl/fbAQLP

exports[`validate options should throw an error on the "additionalData" option with "/test/" value 1`] = `
"Invalid options object. Stylus Loader has been initialized using an options object that does not match the API schema.
 - options.additionalData should be one of these:
   string | function
   -> Prepends/Appends \`Stylus\` code to the actual entry file.
   -> Read more at https://github.com/webpack/stylus-loader#additionalData
   Details:
    * options.additionalData should be a string.
    * options.additionalData should be an instance of function."
`;

exports[`validate options should throw an error on the "additionalData" option with "[]" value 1`] = `
"Invalid options object. Stylus Loader has been initialized using an options object that does not match the API schema.
 - options.additionalData should be one of these:
   string | function
   -> Prepends/Appends \`Stylus\` code to the actual entry file.
   -> Read more at https://github.com/webpack/stylus-loader#additionalData
   Details:
    * options.additionalData should be a string.
    * options.additionalData should be an instance of function."
`;

exports[`validate options should throw an error on the "additionalData" option with "{}" value 1`] = `
"Invalid options object. Stylus Loader has been initialized using an options object that does not match the API schema.
 - options.additionalData should be one of these:
   string | function
   -> Prepends/Appends \`Stylus\` code to the actual entry file.
   -> Read more at https://github.com/webpack/stylus-loader#additionalData
   Details:
    * options.additionalData should be a string.
    * options.additionalData should be an instance of function."
`;

exports[`validate options should throw an error on the "additionalData" option with "1" value 1`] = `
"Invalid options object. Stylus Loader has been initialized using an options object that does not match the API schema.
 - options.additionalData should be one of these:
   string | function
   -> Prepends/Appends \`Stylus\` code to the actual entry file.
   -> Read more at https://github.com/webpack/stylus-loader#additionalData
   Details:
    * options.additionalData should be a string.
    * options.additionalData should be an instance of function."
`;

exports[`validate options should throw an error on the "additionalData" option with "false" value 1`] = `
"Invalid options object. Stylus Loader has been initialized using an options object that does not match the API schema.
 - options.additionalData should be one of these:
   string | function
   -> Prepends/Appends \`Stylus\` code to the actual entry file.
   -> Read more at https://github.com/webpack/stylus-loader#additionalData
   Details:
    * options.additionalData should be a string.
    * options.additionalData should be an instance of function."
`;

exports[`validate options should throw an error on the "additionalData" option with "true" value 1`] = `
"Invalid options object. Stylus Loader has been initialized using an options object that does not match the API schema.
 - options.additionalData should be one of these:
   string | function
   -> Prepends/Appends \`Stylus\` code to the actual entry file.
   -> Read more at https://github.com/webpack/stylus-loader#additionalData
   Details:
    * options.additionalData should be a string.
    * options.additionalData should be an instance of function."
`;

exports[`validate options should throw an error on the "implementation" option with "[]" value 1`] = `
"Invalid options object. Stylus Loader has been initialized using an options object that does not match the API schema.
 - options.implementation should be one of these:
   string | function
   -> The implementation of the \`Stylus\` to be used.
   -> Read more at https://github.com/webpack/stylus-loade#implementation
   Details:
    * options.implementation should be a string.
    * options.implementation should be an instance of function."
`;

exports[`validate options should throw an error on the "implementation" option with "{}" value 1`] = `
"Invalid options object. Stylus Loader has been initialized using an options object that does not match the API schema.
 - options.implementation should be one of these:
   string | function
   -> The implementation of the \`Stylus\` to be used.
   -> Read more at https://github.com/webpack/stylus-loade#implementation
   Details:
    * options.implementation should be a string.
    * options.implementation should be an instance of function."
`;

exports[`validate options should throw an error on the "implementation" option with "false" value 1`] = `
"Invalid options object. Stylus Loader has been initialized using an options object that does not match the API schema.
 - options.implementation should be one of these:
   string | function
   -> The implementation of the \`Stylus\` to be used.
   -> Read more at https://github.com/webpack/stylus-loade#implementation
   Details:
    * options.implementation should be a string.
    * options.implementation should be an instance of function."
`;

exports[`validate options should throw an error on the "implementation" option with "true" value 1`] = `
"Invalid options object. Stylus Loader has been initialized using an options object that does not match the API schema.
 - options.implementation should be one of these:
   string | function
   -> The implementation of the \`Stylus\` to be used.
   -> Read more at https://github.com/webpack/stylus-loade#implementation
   Details:
    * options.implementation should be a string.
    * options.implementation should be an instance of function."
`;

exports[`validate options should throw an error on the "sourceMap" option with "string" value 1`] = `
"Invalid options object. Stylus Loader has been initialized using an options object that does not match the API schema.
 - options.sourceMap should be a boolean.
   -> Enables/Disables generation of source maps.
   -> Read more at https://github.com/webpack/stylus-loader#sourcemap"
`;

exports[`validate options should throw an error on the "stylusOptions" option with "[]" value 1`] = `
"Invalid options object. Stylus Loader has been initialized using an options object that does not match the API schema.
 - options.stylusOptions should be one of these:
   object { … } | function
   -> Options to pass through to \`Stylus\`.
   -> Read more at https://github.com/webpack/stylus-loader#stylusoptions
   Details:
    * options.stylusOptions should be an object:
      object { … }
    * options.stylusOptions should be an instance of function."
`;

exports[`validate options should throw an error on the "stylusOptions" option with "1" value 1`] = `
"Invalid options object. Stylus Loader has been initialized using an options object that does not match the API schema.
 - options.stylusOptions should be one of these:
   object { … } | function
   -> Options to pass through to \`Stylus\`.
   -> Read more at https://github.com/webpack/stylus-loader#stylusoptions
   Details:
    * options.stylusOptions should be an object:
      object { … }
    * options.stylusOptions should be an instance of function."
`;

exports[`validate options should throw an error on the "stylusOptions" option with "false" value 1`] = `
"Invalid options object. Stylus Loader has been initialized using an options object that does not match the API schema.
 - options.stylusOptions should be one of these:
   object { … } | function
   -> Options to pass through to \`Stylus\`.
   -> Read more at https://github.com/webpack/stylus-loader#stylusoptions
   Details:
    * options.stylusOptions should be an object:
      object { … }
    * options.stylusOptions should be an instance of function."
`;

exports[`validate options should throw an error on the "stylusOptions" option with "test" value 1`] = `
"Invalid options object. Stylus Loader has been initialized using an options object that does not match the API schema.
 - options.stylusOptions should be one of these:
   object { … } | function
   -> Options to pass through to \`Stylus\`.
   -> Read more at https://github.com/webpack/stylus-loader#stylusoptions
   Details:
    * options.stylusOptions should be an object:
      object { … }
    * options.stylusOptions should be an instance of function."
`;

exports[`validate options should throw an error on the "stylusOptions" option with "true" value 1`] = `
"Invalid options object. Stylus Loader has been initialized using an options object that does not match the API schema.
 - options.stylusOptions should be one of these:
   object { … } | function
   -> Options to pass through to \`Stylus\`.
   -> Read more at https://github.com/webpack/stylus-loader#stylusoptions
   Details:
    * options.stylusOptions should be an object:
      object { … }
    * options.stylusOptions should be an instance of function."
`;

exports[`validate options should throw an error on the "unknown" option with "/test/" value 1`] = `
"Invalid options object. Stylus Loader has been initialized using an options object that does not match the API schema.
 - options has an unknown property 'unknown'. These properties are valid:
   object { implementation?, stylusOptions?, sourceMap?, webpackImporter?, additionalData? }"
`;

exports[`validate options should throw an error on the "unknown" option with "[]" value 1`] = `
"Invalid options object. Stylus Loader has been initialized using an options object that does not match the API schema.
 - options has an unknown property 'unknown'. These properties are valid:
   object { implementation?, stylusOptions?, sourceMap?, webpackImporter?, additionalData? }"
`;

exports[`validate options should throw an error on the "unknown" option with "{"foo":"bar"}" value 1`] = `
"Invalid options object. Stylus Loader has been initialized using an options object that does not match the API schema.
 - options has an unknown property 'unknown'. These properties are valid:
   object { implementation?, stylusOptions?, sourceMap?, webpackImporter?, additionalData? }"
`;

exports[`validate options should throw an error on the "unknown" option with "{}" value 1`] = `
"Invalid options object. Stylus Loader has been initialized using an options object that does not match the API schema.
 - options has an unknown property 'unknown'. These properties are valid:
   object { implementation?, stylusOptions?, sourceMap?, webpackImporter?, additionalData? }"
`;

exports[`validate options should throw an error on the "unknown" option with "1" value 1`] = `
"Invalid options object. Stylus Loader has been initialized using an options object that does not match the API schema.
 - options has an unknown property 'unknown'. These properties are valid:
   object { implementation?, stylusOptions?, sourceMap?, webpackImporter?, additionalData? }"
`;

exports[`validate options should throw an error on the "unknown" option with "false" value 1`] = `
"Invalid options object. Stylus Loader has been initialized using an options object that does not match the API schema.
 - options has an unknown property 'unknown'. These properties are valid:
   object { implementation?, stylusOptions?, sourceMap?, webpackImporter?, additionalData? }"
`;

exports[`validate options should throw an error on the "unknown" option with "test" value 1`] = `
"Invalid options object. Stylus Loader has been initialized using an options object that does not match the API schema.
 - options has an unknown property 'unknown'. These properties are valid:
   object { implementation?, stylusOptions?, sourceMap?, webpackImporter?, additionalData? }"
`;

exports[`validate options should throw an error on the "unknown" option with "true" value 1`] = `
"Invalid options object. Stylus Loader has been initialized using an options object that does not match the API schema.
 - options has an unknown property 'unknown'. These properties are valid:
   object { implementation?, stylusOptions?, sourceMap?, webpackImporter?, additionalData? }"
`;

exports[`validate options should throw an error on the "webpackImporter" option with "string" value 1`] = `
"Invalid options object. Stylus Loader has been initialized using an options object that does not match the API schema.
 - options.webpackImporter should be a boolean.
   -> Enables/Disables default \`webpack\` importer.
   -> Read more at https://github.com/webpack/stylus-loader#webpackimporter"
`;
